[dotenv@17.2.3] injecting env (8) from .env -- tip: ΓÜÖ∩╕Å  suppress all logs with { quiet: true }
node : 
node:events:497
At line:1 char:1
+ node server.js > 
error_log.txt 2>&1
+ ~~~~~~~~~~~~~~~~~~
~~~~~~~~~~~~~~~~~
    + CategoryInfo  
            : NotS  
  pecified: (node   
 :events:497:Str    
ing) [], Remote    
Exception
    + FullyQualifie 
   dErrorId : Nati  
  veCommandError
 
      throw er; // 
Unhandled 'error' 
event
      ^

Error: listen 
EADDRINUSE: address 
already in use 
:::5000
    at Server.setupL
istenHandle [as 
_listen2] 
(node:net:1940:16)
    at 
listenInCluster 
(node:net:1997:12)
    at 
Server.listen 
(node:net:2102:7)
    at 
Function.listen (D:\
CampKart\server\node
_modules\express\lib
\application.js:635:
24)
    at 
Object.<anonymous> (
D:\CampKart\server\s
erver.js:29:5)
    at 
Module._compile (nod
e:internal/modules/c
js/loader:1706:14)
    at Object..js (n
ode:internal/modules
/cjs/loader:1839:10)
    at Module.load (
node:internal/module
s/cjs/loader:1441:32
)
    at 
Function._load (node
:internal/modules/cj
s/loader:1263:12)
    at TracingChanne
l.traceSync (node:di
agnostics_channel:32
2:14)
Emitted 'error' 
event on Server 
instance at:
    at emitErrorNT 
(node:net:1976:8)
    at process.proce
ssTicksAndRejections
 (node:internal/proc
ess/task_queues:90:2
1) {
  code: 
'EADDRINUSE',
  errno: -4091,
  syscall: 'listen',
  address: '::',
  port: 5000
}

Node.js v22.19.0
